interactions:
- request:
    body: '{"query": {"multi_match": {"query": "Group", "fields": ["user", "status",
      "discount_name"]}}, "_source": {"exclude": ["*"]}}'
    headers:
      connection: [keep-alive]
      content-type: [application/json]
    method: GET
    uri: http://search:9200/orders/order_document/_search
  response:
    body: {string: '{"took":5,"timed_out":false,"_shards":{"total":1,"successful":1,"failed":0},"hits":{"total":0,"max_score":null,"hits":[]}}'}
    headers:
      Warning: ['299 Elasticsearch-5.4.3-eed30a8 "Deprecated field [exclude] used,
          expected [excludes] instead" "Wed, 15 Nov 2017 12:23:11 GMT"']
      content-length: ['122']
      content-type: [application/json; charset=UTF-8]
    status: {code: 200, message: OK}
- request:
    body: '{"query": {"multi_match": {"query": "Group", "fields": ["name", "description"]}},
      "_source": {"exclude": ["*"]}}'
    headers:
      connection: [keep-alive]
      content-type: [application/json]
    method: GET
    uri: http://search:9200/storefront/product_document/_search
  response:
    body: {string: '{"took":2,"timed_out":false,"_shards":{"total":1,"successful":1,"failed":0},"hits":{"total":2,"max_score":3.3258386,"hits":[{"_index":"storefront","_type":"product_document","_id":"6","_score":3.3258386,"_source":{}},{"_index":"storefront","_type":"product_document","_id":"29","_score":3.3258386,"_source":{}}]}}'}
    headers:
      Warning: ['299 Elasticsearch-5.4.3-eed30a8 "Deprecated field [exclude] used,
          expected [excludes] instead" "Wed, 15 Nov 2017 12:23:11 GMT"']
      content-length: ['313']
      content-type: [application/json; charset=UTF-8]
    status: {code: 200, message: OK}
- request:
    body: '{"query": {"multi_match": {"query": "Group", "fields": ["user"]}}, "_source":
      {"exclude": ["*"]}}'
    headers:
      connection: [keep-alive]
      content-type: [application/json]
    method: GET
    uri: http://search:9200/users/user_document/_search
  response:
    body: {string: '{"took":1,"timed_out":false,"_shards":{"total":1,"successful":1,"failed":0},"hits":{"total":0,"max_score":null,"hits":[]}}'}
    headers:
      Warning: ['299 Elasticsearch-5.4.3-eed30a8 "Deprecated field [exclude] used,
          expected [excludes] instead" "Wed, 15 Nov 2017 12:23:11 GMT"']
      content-length: ['122']
      content-type: [application/json; charset=UTF-8]
    status: {code: 200, message: OK}
version: 1
